[    0.000000] Linux version 4.15.0-66genric (buddlgw01-amd64-0) gcc verson7.4.0Ubuntu7.0-1ubuntu1~18..1)) #75-Ubuntu SMP Tue t  05:24: UTC 2019 (Ubuntu 4.15.0-66.75-generic 4.15.18)
   0.00000] Command line: BOOT_IMAGE=/boot/vmlinz-.15.0-66-generic root=UUID=f3638ad1-09b3-4522-a2a0-7cc460e907bc ro console=ttycosole=ttyS0
[    0000000] KERNEL supported cpus:
[    .000000]   Intel GenuineIntel
[    0.000000]   AMD AuthenticAMD
[    0.000000]   Centaur CentaurHauls
[    0.000000] x86/fpu: Supporting XSAVE feature 0x001: 'x87 floating point registers'
[    0.000000] x86/fpu: Supporting XSAVE feature 0x002: 'SSE registers'
[    0.000000] x86/fpu: Supporting AVE atre 0x004: 'AVX resters'
[   0.000000]86fpu: xstate_offt[2]:  576, xstate_sizes[2]:  256
[  0.000000] 6/fpu: Enale xsta fatures 7,context se is83bytes, usg 'standard' format.
[    0.0000]e820: BIOS-provided physical RAM map:
[    0.000000] BIOS-e820: [mem 0x0000000000000000-0x000000000009fbff] usable
[    0.000000] BIOS-e820: [mem 0x000000000009fc00-0x000000000009ffff] reserved
[    0.000000] BIOS-e820: [mem 0x00000000000f0000-0x00000000000fffff] reserved
[    0.000000] BIOSe820: [mem 0x0000000000100000-0x000000003ffeffff] usable
[    0.000000] BIOS-e820: [mem0x00000003fff0000-0x000000003fffffff] ACPI data
[    0.000000] BIOS-e820: [mem 0x00000000fec00000-0x0000000fec00fff] reserved
[    0.00000] BIOS-20: [mem 0000000fe0000-0x00000fee00fff] reserved
[  00000] IOS-e82 [em 0000000ff0000-0x00000000ffffff] rerved
[  0.0000] NX (Execute Disable) protection: active
[    0.000000] SMBIOS 2.5 present.
[    0.000000] DMI: innotek GmbH VirtualBox/VirtualBox, OSVirtuBo 12/01/200
[    0.000000] Hypervisor detected: KVM
[    0.000000] e820: last_pfn = 0x3fff0 max_arch_pfn = 0x400000000
[    0.000000] MTRR: Disabled
[    0.000000] x86/PAT: MTRRs disabled, skipping PAT initialization too.
[    0.000000] CPU MTRRs all blank - virtualized system.
[    0.000000] x86/PAT: Configuration [0-7]: WB  WT  UC- UC  WB  WT  UC- UC  
[    0.000000] found SMP MP-table at [mem 0x0009fff0-0x0009ffff]
[    0.000000] Scanning 1 areas for low memory corruption
[    0.000000] RAMDISK: [mem 0x3597f000-0x36cb6fff]
[    0.000000] ACPI: Early table checksum verification disabled
[    0.000000] ACPI: RSDP 0x00000000000E0000 000024 (v02 VBOX  )

[    0.000000] ACPI: XSDT 0x000000003FFF0030 00003C (v01 VBOX   VBOXXSDT 0000001 ASL  00000061)    00000] PI: FACP 0x000000003FFF00F0 0000F4 (v04 VBOX   VBOXFACP 00000001 ASL  00000061)
[    0.00000] ACPI: DSDT 0x000000003FFF0470 0021FF (v02 VBOX   VBOXBIOS 00000002 INTL 20100528)
[  0.000000] ACPI: FACS 0x000000003FFF02000040
  0.000000] ACPI:FACSx00000003FFF020000040
   0.00000ACPI: AC 0x00000003FFF0240 00005C (v02 VBOX  VBOXIC000000 AL  00000061)
[  0.000000] ACPI: SSDT 0x000000003FFF00 001C (v01 VBOX   VBOCPUT 00000002 INTL 20100528)
[    0.000000] No NUMA configuration found
[    0.000000] Faking a node at [mem 000000000000000-00000003ffeffff]
[    0.000000] NODE_DATA(0) allocated [mem 0x3ffc5000-0x3ffeffff]
[    0.000000] kvm-clock: cpu 0, msr 0:3ff44001, primary cpu clock
[    0.000000] kvm-clock: Using mss 4b4d1 and 4b5d00
[    0.000000] kvm-clock: using schd ffset of 3878781322ycles
[    0.000000] clocksource: kvm-clock: mask: 0xffffffffffffffff max_cycles: 0x1cd42e4dffb, max_ie_n: 88159059148ns
[    0.000000] Zone ranges:
[    0.000000]   DMA      [mem 0x0000000000001000-0x0000000000ffffff]
[    0.000000]   DMA32    [mem 0x0000000001000000-0x000000003ffeffff]
[    00.000000]   Normal   empty
[    0.000000]   Device   empty
[    0.000000] Movable zone start for each node
[    0.000000] Early memory node ranges
[    0.000000]   node   0: [mem 0x0000000000001000-0x000000000009efff]
[    0.000000]   node   0: [mem 0x0000000000100000-0x000000003ffeffff]
[    0.000000] Reserved but unavailable: 98 pages
[    0.000000] Initmem setup node 0 [mem 0x0000000000001000-0x000000003ffeffff]
[    0.000000] ACPI: PM-Timer IO Port: 0x4008
[    0.000000] IOAPIC[0]: apic_id 2, version 32, address 0xfec00000, GSI 0-23
[    0.000000] ACPI: INT_SRC_OVR (bus 0 bus_irq 0 global_irq 2 dfl dfl)
[    0.000000] ACPI: INT_SRC_OVR (bus 0 bus_irq 9 global_irq 9 low level)
[    0.000000] Using ACPI (MADT) for SMP configuration information
[    0.000000] smpboot: Allowing 2 CPUs, 0 hotplug CPUs
[    0.000000] PM: Registered nosave memory: [mem 0x00000000-0x00000fff]
[    0.000000] PM: Registered nosave memory: [mem 0x0009f000-0x0009ffff]
[    0.000000] PM: Registered nosave memory: [mem 0x000a0000-0x000effff]
[    0.000000] PM: Registered nosave memory: [mem 0x000f0000-0x000fffff]
[    0.000000] e820: [mem 0x40000000-0xfebfffff] available for PCI devices
[    0.000000] Booting paravirtualized kernel on KVM
[    0.000000] clocksource: refined-jiffies: mask: 0xffffffff max_cycles: 0xffffffff, max_idle_ns: 7645519600211568 ns
[    0.000000] random: get_random_bytes called from start_kernel+0x99/0x4fd with crng_init=0
[    0.000000] setup_percpu: NR_CPUS:8192 nr_cpumask_bits:2 nr_cpu_ids:2 nr_node_ids:1
[    0.000000] percpu: Embedded 46 pages/cpu s151552 r8192 d28672 u1048576
[    0.000000] PV qspinlock hash table entries: 256 (order: 0, 4096 bytes)
[    0.000000] Built 1 zonelists, mobility grouping on.  Total pages: 257913
[    0.000000] Policy zone: DMA32
[    0.000000] Kernel command line: BOOT_IMAGE=/boot/vmlinuz-4.15.0-66-generic root=UUID=f3638ad1-09b3-4522-a2a0-7cc460e907bc ro console=tty1 console=ttyS0
[    0.000000] Memory: 982900K/1048120K available (12300K kernel code, 2481K rwdata, 4260K rodata, 2436K init, 2388K bss, 65220K reserved, 0K cma-reserved)
[    0.000000] SLUB: HWalign=64, Order=0-3, MinObjects=0, CPUs=2, Nodes=1
[    0.000000] Kernel/User page tables isolation: enabled
[    0.000000] ftrace: allocating 39306 enies in 154 pages
[    0.004000] Hierarchical RCU implementation.
[    0.004000] 	RCU restricting CPUs from NR_CPUS=8192 to nr_cpu_ids=2.
[    0.004000] 	Tasks RCU enabled.
[    0.004000] RCU: Adjusting geometry for rcu_fanout_leaf=16, nr_cpu_ids=2
[    0.004000] NR_IRQS: 524544, nr_irqs: 440, preallocated irqs: 16
[    0.004000] Console: colour VGA+ 80x25
[    0.004000] console [tty1] enabled
[    0.004000] console [ttyS0] enabled
[    0.004000] ACPI: Core revision 20170831
[    0.004000] ACPI: 2 ACPI AML tables successfully acquired and loaded
[    0.004000] APIC: Switch to symmetric I/O mode setup
[    0.004232] x2apic enabled
[    0.008005] Switched APIC routing to physical x2apic.
[    0.012924] ..TIMER: vector=0x30 apic1=0 pin1=2 apic2=-1 pin2=-1
[    0.016003] tsc: Detected 2304.000 MHz processor
[    0.016966] Calibrating delay loop (skipped) preset value.. 4608.00 BogoMIPS (lpj=9216000)
[    0.020002] pid_max: default: 32768 minimum: 301
[    0.024038] Security Framework initialized
[    0.028003] Yama: becoming mindful.
[    0.028759] AppArmor: AppArmor initialized
[    0.031026] Dentry cache hash table entries: 131072 (order: 8, 1048576 bytes)
[    0.032063] Inode-cache hash table entries: 65536 (order: 7, 524288 bytes)
[    0.033251] Mount-cache hash table entries: 2048 (order: 2, 16384 bytes)
[    0.034404] Mountpoint-cache hash table entries: 2048 (order: 2, 16384 bytes)
[    0.036208] Last level iTLB entries: 4KB 64, 2MB 8, 4MB 8
[    0.037221] Last level dTLB entries: 4KB 64, 2MB 0, 4MB 0, 1GB 4
[    0.038360] Spectre V1 : Mitigation: usercopy/swapgs barriers and __user pointer sanitization
[    0.040002] Spectre V2 : Mitigation: Full generic retpoline
[    0.041006] Spectre V2 : Spectre v2 / SpectreRSB mitigation: Filling RSB on context switch
[    0.042699] Speculative Store Bypass: Vulnerable
[    0.043696] MDS: Vulnerable: Clear CPU buffers attempted, no microcode
[    0.044157] Freeing SMP alternatives memory: 36K
[    0.155347] smpboot: CPU0: Intel(R) Core(TM) i5-7360U CPU @ 2.30GHz (family: 0x6, model: 0x8e, stepping: 0x9)
[    0.156000] Performance Events: unsupported p6 CPU model 142 no PMU driver, software events only.
[    0.156000] Hierarchical SRCU implementation.
[    0.156525] NMI watchdog: Perf event create on CPU 0 failed with -2
[    0.157791] NMI watchdog: Perf NMI watchdog permanently disabled
[    0.159065] smp: Bringing up secondary CPUs ...
[    0.160074] x86: Booting SMP configuration:
[    0.160840] .... node  #0, CPUs:      #1
[    0.004000] kvm-clock: cpu 1, msr 0:3ff44041, secondary cpu clock
[    0.166096] smp: Brought up 1 node, 2 CPUs
[    0.166096] smpboot: Max logical packages: 1
[    0.166096] smpboot: Total of 2 processors activated (9216.00 BogoMIPS)
[    0.168165] devtmpfs: initialized
[    0.172058] x86/mm: Memory block size: 128MB
[    0.172968] evm: security.selinux
[    0.173646] evm: security.SMACK64
[    0.176009] evm: security.SMACK64EXEC
[    0.176897] evm: security.SMACK64TRANSMUTE
[    0.177783] evm: security.SMACK64MMAP
[    0.178696] evm: security.apparmor
[    0.179510] evm: security.ima
[    0.180004] evm: security.capability
[    0.180777] clocksource: jiffies: mask: 0xffffffff max_cycles: 0xffffffff, max_idle_ns: 7645041785100000 ns
[    0.184023] futex hash table entries: 512 (order: 3, 32768 bytes)
[    0.192025] pinctrl core: initialized pinctrl subsystem
[    0.193285] RTC time:  8:36:25, date: 11/11/19
[    0.194410] NET: Registered protocol family 16
[    0.196068] audit: initializing netlink subsys (disabled)
[    0.197060] audit: type=2000 audit(1573461386.652:1): state=initialized audit_enabled=0 res=1
[    0.197060] cpuidle: using governor ladder
[    0.200007] cpuidle: using governor menu
[    0.200968] ACPI: bus type PCI registered
[    0.201925] acpiphp: ACPI Hot Plug PCI Controller Driver version: 0.5
[    0.204109] PCI: Using configuration type 1 for base access
[    0.205432] HugeTLB registered 2.00 MiB page size, pre-allocated 0 pages
[    0.208074] ACPI: Added _OSI(Module Device)
[    0.209051] ACPI: Added _OSI(Processor Device)
[    0.210009] ACPI: Added _OSI(3.0 _SCP Extensions)
[    0.212003] ACPI: Added _OSI(Processor Aggregator Device)
[    0.213163] ACPI: Added _OSI(Linux-Dell-Video)
[    0.214177] ACPI: Added _OSI(Linux-Lenovo-NV-HDMI-Audio)
[    0.215319] ACPI: Added _OSI(Linux-HPI-Hybrid-Graphics)
[    0.216334] ACPI: Executed 1 blocks of module-level executable AML code
[    0.221532] ACPI: Interpreter enabled
[    0.228004] ACPI: (supports S0 S5)
[    0.228660] ACPI: Using IOAPIC for interrupt routing
[    0.229792] PCI: Using host bridge windows from ACPI; if necessary, use "pci=nocrs" and report a bug
[    0.231908] ACPI: Enabled 2 GPEs in block 00 to 07
[    0.238327] ACPI: PCI Root Bridge [PCI0] (domain 0000 [bus 00-ff])
[    0.239728] acpi PNP0A03:00: _OSC: OS supports [ASPM ClockPM Segments MSI]
[    0.240024] acpi PNP0A03:00: _OSC: not requesting OS control; OS requires [ExtendedConfig ASPM ClockPM MSI]
[    0.242113] acpi PNP0A03:00: fail to add MMCONFIG information, can't access extended PCI configuration space under this bridge.
[    0.244406] PCI host bridge to bus 0000:00
[    0.248004] pci_bus 0000:00: root bus resource [io  0x0000-0x0cf7 window]
[    0.249398] pci_bus 0000:00: root bus resource [io  0x0d00-0xffff window]
[    0.250864] pci_bus 0000:00: root bus resource [mem 0x000a0000-0x000bffff window]
[    0.252003] pci_bus 0000:00: root bus resource [mem 0x40000000-0xfdffffff window]
[    0.256008] pci_bus 0000:00: root bus resource [bus 00-ff]
[    0.262342] pci 0000:00:01.1: legacy IDE quirk: reg 0x10: [io  0x01f0-0x01f7]
[    0.264006] pci 0000:00:01.1: legacy IDE quirk: reg 0x14: [io  0x03f6]
[    0.265367] pci 0000:00:01.1: legacy IDE quirk: reg 0x18: [io  0x0170-0x0177]
[    0.268002] pci 0000:00:01.1: legacy IDE quirk: reg 0x1c: [io  0x0376]
[    0.286519] pci 0000:00:07.0: quirk: [io  0x4000-0x403f] claimed by PIIX4 ACPI
[    0.288018] pci 0000:00:07.0: quirk: [io  0x4100-0x410f] claimed by PIIX4 SMB
[    0.298640] ACPI: PCI Interrupt Link [LNKA] (IRQs 5 9 10 *11)
[    0.300309] ACPI: PCI Interrupt Link [LNKB] (IRQs 5 9 *10 11)
[    0.308084] ACPI: PCI Interrupt Link [LNKC] (IRQs 5 *9 10 11)
[    0.309562] ACPI: PCI Interrupt Link [LNKD] (IRQs 5 9 10 *11)
[    0.311391] SCSI subsystem initialized
[    0.312074] pci 0000:00:02.0: vgaarb: setting as boot VGA device
[    0.314561] pci 0000:00:02.0: vgaarb: VGA device added: decodes=io+mem,owns=io+mem,locks=none
[    0.316017] pci 0000:00:02.0: vgaarb: bridge control possible
[    0.317441] vgaarb: loaded
[    0.320045] ACPI: bus type USB registered
[    0.321050] usbcore: registered new interface driver usbfs
[    0.322321] usbcore: registered new interface driver hub
[    0.324029] usbcore: registered new device driver usb
[    0.328102] EDAC MC: Ver: 3.0.0
[    0.332057] PCI: Using ACPI for IRQ routing
[    0.336628] NetLabel: Initializing
[    0.340052] NetLabel:  domain hash size = 128
[    0.344003] NetLabel:  protocols = UNLABELED CIPSOv4 CALIPSO
[    0.348048] NetLabel:  unlabeled traffic allowed by default
[    0.356212] clocksource: Switched to clocksource kvm-clock
[    03763] S: Disk quotas dquot_6.6.0
[    0.5097] S:qu-cheastae trs:12orr , 40 btes)
[  1654]ppmo: AppArmor Filesystem Enabled
[    1.424114] np: PnP ACPI init
[    1.463498] pnp: PnP ACPI: found 3 devices

[  1778]losoceac_p mk: 0xffffff max_cycles: 0xffffff, max_idle_ns: 2085701024 n
[    1.924345NET: Registered protocol family 2
[    1.9989TCesblheha tlenties: 8192orr: 4, 65536 bytes)

[    2.511662] TCP bind hash table entries:8192 (order: 5, 131072 bytes)
[    2.549659] TCP: Hash tables configured (established 8192 bind 8192
  2.75] P shab eri: 2 (der: 2, 16384 bytes)
[  3.74] P-teastae entries: 5 (de 216384 bytes)
[    3.595684] NET: Registered protocol family 1
[    3.596919] pci 0000:00:00.0: Limiting direct PCI/PCI transfers
[    3.598454] pci 0000:00:01.0: Activating ISA DMA hang workarounds
[    3.600700] pci 0000:00:02.0: Video device with shadowed ROM at [mem 0x000c000-0x000dffff]
[    3.639877] Unpacking initramfs...

[    3.906735] Freeing initrd memory: 19680K
[    3.932449] clocksource: tsc: mask: 0xffffffffffffffff max_cycles: 0x2135f7c97c8, max_idle_ns: 440795273205 ns
[    3.996818] platform rtc_cmos: registered platform RTC device (no PNP device found)
[    3.998710] Scanning for low memory corruption every 60 seconds
[    4.030843] Initialise system trusted keyrings
[    4.062705] Key type blacklist registered
[    4.074888] workingset: timestamp_bits=36 max_order=18 bucket_order=0
[    4.099717] zbud: loaded
[    4.120910] squashfs: version 4.0 (2009/01/31) Phillip Lougher
[    4.187912] fuse init (API version 7.26)
[    4.201625] Key type asymmetric registered
[    4.202426] Asymmetric key parser 'x509' registered
[    4.203355] Block layer SCSI generic (bsg) driver version 0.4 loaded (major 246)
[    4.204817] io scheduler noop registered
[    4.205547] io scheduler deadline registered
[    4.206353] io scheduler cfq registered (default)
[    4.207703] ACPI: AC Adapter [AC] (on-line)
[    4.272579] input: Power Button as /devices/LNXSYSTM:00/LNXPWRBN:00/input/input0
[    4.274532] ACPI: Power Button [PWRF]
[    4.308698] input: Sleep Button as /devices/LNXSYSTM:00/LNXSLPBN:00/input/input1
[    4.317967] ACPI: Sleep Button [SLPF]
[    4.343766] ACPI: Battery Slot [BAT0] (battery present)
[    4.348671] Serial: 8250/16550 driver, 32 ports, IRQ sharing enabled
ÿ[    4.472821] 00:02: ttyS0 at I/O 0x3f8 (irq = 4, base_baud = 115200) is a 16550A
[    4.623670] Linux agpgart interface v0.103
[    4.654703] loop: module loaded
[    4.682607] scsi host0: ata_piix
[    4.683623] scsi host1: ata_piix
[    4.684532] ata1: PATA max UDMA/33 cmd 0x1f0 ctl 0x3f6 bmdma 0xd000 irq 14
[    4.686198] ata2: PATA max UDMA/33 cmd 0x170 ctl 0x376 bmdma 0xd008 irq 15
[    4.693870] libphy: Fixed MDIO Bus: probed
[    4.696840] tun: Universal TUN/TAP device driver, 1.6
[    4.704323] PPP generic driver version 2.4.2
[    4.707536] ehci_hcd: USB 2.0 'Enhanced' Host Controller (EHCI) Driver
[    4.710191] ehci-pci: EHCI PCI platform driver
[    4.712186] ehci-platform: EHCI generic platform driver
[    4.714579] ohci_hcd: USB 1.1 'Open' Host Controller (OHCI) Driver
[    4.724741] ohci-pci: OHCI PCI platform driver
[    4.726800] ohci-platform: OHCI generic platform driver
[    4.729941] uhci_hcd: USB Universal Host Controller Interface driver
[    4.740243] i8042: PNP: PS/2 Controller [PNP0303:PS2K,PNP0f03:PS2M] at 0x60,0x64 irq 1,12
[    4.744985] serio: i8042 KBD port at 0x60,0x64 irq 1
[    4.747890] serio: i8042 AUX port at 0x60,0x64 irq 12
[    4.779066] moueedev: PS/2 mouse device common for all mice
[    4.900126] input: AT Translated Set 2 keyboard as /devices/platform/i8042/serio0/input/input2
[    4.957938] rtc_cmos rtc_cmos: rtc core: registered rtc_cmos as rtc0
[    4.98255] rtc_cmos rtc_cmos: alarms up to one day, 114 bytes nvram
[    5.044741] i2c /dev entries driver
[    5.063647] device-mapper: uevent: version 1.0.3
[    5.120043] device-mapper: ioctl: 4.37.0-ioctl (2017-09-20) initialised: dm-devel@redhat.com
[    5.121816] ledtrig-cpu: registered to indicate activity on CPUs
[    5.129421] NET: Registered protocol family 10
[    5.167986] Segment Routing with IPv6
[    5.192014] NET: Registered protocol family 17
[    5.193112] Key type dns_resolver registered
[    5.224750] mce: Using 0 MCE banks
[    5.262892] RAS: Correctable Errors collector initialized.
[    5.300373] sched_clock: Marking stable (5300348294, 0)->(9988723516, -4688375222)
[    5.378733] registered taskstats version 1
[    5.403896] Loading compiled-in X.509 certificates
[    5.418494] Loaded X.509 cert 'Build time autogenerated kernel key: 01a66adcc10ca4ce7676a3458c33483b0e2b806e'
[    5.486408] zswap: loaded using pool lzo/zbud
[    5.521893] Key type big_key registered
[    5.562712] Key type trusted registered
[    5.605374] Key type encrypted registered
[    5.640610] AppArmor: AppArmor sha1 policy hashing enabled
[    5.694457] ima: No TPM chip found, activating TPM-bypass! (rc=-19)
[    5.749126] ima: Allocated hash algorithm: sha1
[    5.767231] evm: HMAC attrs: 0x1
[    5.768386]   Magic number: 11:285:624
[    5.769387] rtc_cmos rtc_cmos: setting system clock to 2019-11-11 08:36:31 UTC (1573461391)
[    5.771479] BIOS EDD facility v0.16 2004-Jun-25, 0 devices found
[    5.772915] EDD information not available.
[    5.776167] Freeing unused kernel image memory: 2436K
[    5.793007] Write protecting the kernel read-only data: 20480k
[    5.801274] Freeing unused kernel image memory: 2008K
[    5.805777] Freeing unused kernel image memory: 1884K
[    5.817088] x86/mm: Checked W+X mappings: passed, no W+X pages found.
[    6.141657] x86/mm: Checking user space page tables
[    6.938518] x86/mm: Checked W+X mappings: passed, no W+X pages found.
Loading, please wait...
starting version 237
[    7.099879] e1000: Intel(R) PRO/1000 Network Driver - version 7.3.21-k8-NAPI
[    7.142535] e1000: Copyright (c) 1999-2006 Intel Corporation.
[    7.162153] Fusion MPT base driver 3.04.20
[    7.163562] Copyright (c) 1999-2008 LSI Corporation
[    7.169297] AVX2 version of gcm_enc/dec engaged.
[    7.184516] AES CTR mode by8 optimization enabled
[    7.202976] Fusion MPT SPI Host driver 3.04.20
[    7.397996] input: ImExPS/2 Generic Explorer Mouse as /devices/platform/i8042/serio1/input/input4
[    7.615583] e1000 0000:00:03.0 eth0: (PCI:33MHz:32-bit) 02:76:54:76:58:75
[    8.182935] e1000 0000:00:03.0 eth0: Intel(R) PRO/1000 Network Connection
[    9.555188] e1000 0000:00:08.0 eth1: (PCI:33MHz:32-bit) 08:00:27:52:f8:99
[    9.998357] e1000 0000:00:08.0 eth1: Intel(R) PRO/1000 Network Connection
[   10.153654] mptbase: ioc0: Initiating bringup
[   10.153722] e1000 0000:00:08.0 enp0s8: renamed from eth1
[   10.209120] e1000 0000:00:03.0 enp0s3: renamed from eth0
[   10.280479] ioc0: LSI53C1030 A0: Capabilities={Initiator}
[   10.528007] scsi host2: ioc0: LSI53C1030 A0, FwRev=00000000h, Ports=1, MaxQ=256, IRQ=20
[   10.786158] scsi 2:0:0:0: Direct-Access     VBOX     HARDDISK         1.0  PQ: 0 ANSI: 5
[   11.017253] scsi target2:0:0: Beginning Domain Validation
[   11.277720] scsi target2:0:0: Domain Validation skipping write tests
[   11.426624] scsi target2:0:0: Ending Domain Validation
[   11.547934] scsi target2:0:0: asynchronous
[   12.032105] scsi 2:0:1:0: Direct-Access     VBOX     HARDDISK         1.0  PQ: 0 ANSI: 5
[   12.402294] scsi target2:0:1: Beginning Domain Validation
[   12.569970] random: fast init done
[   13.047800] scsi target2:0:1: Domain Validation skipping write tests
[   14.024831] scsi target2:0:1: Ending Domain Validation
[   14.028470] scsi target2:0:1: asynchronous
[   14.033154] random: systemd-udevd: uninitialized urandom read (16 bytes read)
[   14.033499] sd 2:0:0:0: [sda] 20971520 512-byte logical blocks: (10.7 GB/10.0 GiB)
[   14.046586] random: systemd-udevd: uninitialized urandom read (16 bytes read)
[   14.048825] sd 2:0:0:0: [sda] Write Protect is off
[   14.061445] random: systemd-udevd: uninitialized urandom read (16 bytes read)
[   14.065323] sd 2:0:0:0: Attached scsi generic sg0 type 0
[   14.069888] sd 2:0:1:0: Attached scsi generic sg1 type 0
[   14.069932] sd 2:0:0:0: [sda] Incomplete mode parameter data
[   14.077587] sd 2:0:1:0: [sdb] 20480 512-byte logical blocks: (10.5 MB/10.0 MiB)
[   14.088430] sd 2:0:0:0: [sda] Assuming drive cache: write through
[   14.093355] sd 2:0:1:0: [sdb] Write Protect is off
[   14.106121] sd 2:0:1:0: [sdb] Incomplete mode parameter data
[   14.114779] sd 2:0:1:0: [sdb] Assuming drive cache: write through
[   14.125876]  sda: sda1
[   14.127033] sd 2:0:1:0: [sdb] Attached SCSI disk
[   14.138724] sd 2:0:0:0: [sda] Attached SCSI disk
Begin: Loading essential drivers ... [   15.576474] raid6: sse2x1   gen() 11086 MB/s
[   15.641170] raid6: sse2x1   xor()  8313 MB/s
[   15.696046] raid6: sse2x2   gen() 12398 MB/s
[   15.768071] raid6: sse2x2   xor()  9136 MB/s
[   15.816063] raid6: sse2x4   gen() 16343 MB/s
[   15.868063] raid6: sse2x4   xor()  5862 MB/s
[   15.924059] raid6: avx2x1   gen() 17873 MB/s
[   15.984197] raid6: avx2x1   xor() 14670 MB/s
[   16.056065] raid6: avx2x2   gen() 25632 MB/s
[   16.116222] raid6: avx2x2   xor() 16021 MB/s
[   16.172301] raid6: avx2x4   gen() 29853 MB/s
[   16.236108] raid6: avx2x4   xor() 18322 MB/s
[   16.244384] raid6: using algorithm avx2x4 gen() 29853 MB/s
[   16.260335] raid6: .... xor() 18322 MB/s, rmw enabled
[   16.293216] raid6: using avx2x2 recovery algorithm
[   16.295584] xor: automatically using best checksumming function   avx       
[   16.323774] async_tx: api initialized (async)
done.
Begin: Running /scripts/init-premount ... done.
Begin: Mounting root file system ... Begin: Running /scripts/local-top ... done.
Begin: Running /scripts/local-premount [   16.374077] Btrfs loaded, crc32c=crc32c-intel
... Scanning for Btrfs filesystems
done.
Warning: fsck not present, so sk[   16.472515] EXT4-fs (sda1): mounted filesystem with ordered data mode. Opts: (null)
ipping root file system
done.
Begin: Running /scripts/local-bottom ... done.
Begin: Running /scripts/init-bottom ... done.
[   16.771559] ip_tables: (C) 2000-2006 Netfilter Core Team
[   16.779843] systemd[1]: systemd 237 running in system mode. (+PAM +AUDIT +SELINUX +IMA +APPARMOR +SMACK +SYSVINIT +UTMP +LIBCRYPTSETUP +GCRYPT +GNUTLS +ACL +XZ +LZ4 +SECCOMP +BLKID +ELFUTILS +KMOD -IDN2 +IDN -PCRE2 default-hierarchy=hybrid)
[   16.918350] systemd[1]: Detected virtualization oracle.
[   16.919867] systemd[1]: Detected architecture x86-64.

Welcome to [1mUbuntu 18.04.3 LTS[0m!

[   16.981462] systemd[1]: Set hostname to <ubuntu-bionic>.
[   17.266208] systemd[1]: Reached target Swap.
[[0;32m  OK  [0m] Reached target Swap.
[   17.270140] systemd[1]: Created slice System Slice.
[[0;32m  OK  [0m] Created slice System Slice.
[   17.289202] systemd[1]: Listening on Network Service Netlink Socket.
[[0;32m  OK  [0m] Listening on Network Service Netlink Socket.
[   17.446178] systemd[1]: Reached target User and Group Name Lookups.
[[0;32m  OK  [0m] Reached target User and Group Name Lookups.
[   17.548689] systemd[1]: Reached target System Time Synchronized.
[[0;32m  OK  [0m] Reached target System Time Synchronized.
[   17.624525] systemd[1]: Listening on udev Control Socket.
[[0;32m  OK  [0m] Listening on udev Control Socket.
[[0;32m  OK  [0m] Listening on Journal Socket (/dev/log).
[[0;32m  OK  [0m] Listening on LVM2 metadata daemon socket.
[[0;32m  OK  [0m] Started Forward Password Requests to Wall Directory Watch.
[[0;32m  OK  [0m] Listening on LVM2 poll daemon socket.
[[0;32m  OK  [0m] Listening on udev Kernel Socket.
[[0;32m  OK  [0m] Listening on Journal Socket.
         Starting Set the console keyboard layout...
         Mounting Kernel Debug File System...
         Starting Load Kernel Modules...
         Starting Remount Root and Kernel File Systems...[   17.965584] Loading iSCSI transport class v2.0-870.

         Starting udev Coldplug all Devices...
         Starting Uncomplicated firewall...
         Mounting POSIX Message Queue File System...
[[0;32m  OK  [0m] Created slice system-serial\x2dgetty.slice.
[[0;32m  OK  [0[   18.041428] iscsi: registered transport (tcp)
m] Listening on /dev/initctl Compatibility Named Pipe.
[[0;32m  OK  [0m] Set up automount Arbitrary Executabâ€¦rmats File System Automount Point.
[   18.057645] EXT4-fs (sda1): re-mounted. Opts: (null)
[   18.077354] iscsi: registered transport (iser)
[[0;32m  OK  [0m] Listening on Journal Audit Socket.
         Mounting Huge Pages File System...
[[0;32m  OK  [0m] Created slice User and Session Slice.
[[0;32m  OK  [0m] Reached target Slices.
         Starting Create list of required stâ€¦ce nodes for the current kernel...
[[0;32m  OK  [0m] Listening on Syslog Socket.
         Starting Journal Service...
[[0;32m  OK  [0m] Listening on Device-mapper event daemon FIFOs.
         Starting Monitoring of LVM2 mirrorsâ€¦ng dmeventd or progress polling...
[[0;32m  OK  [0m] Started Set the console keyboard layout.
[[0;32m  OK  [0m] Mounted Kernel Debug File System.
[[0;32m  OK  [0m] Started Load Kernel Modules.
[[0;32m  OK  [0m] Started Remount Root and Kernel File Systems.
[[0;32m  OK  [0m] Started Uncomplicated firewall.
[[0;32m  OK  [0m] Mounted POSIX Message Queue File System.
[[0;32m  OK  [0m] Mounted Huge Pages File System.
[[0;32m  OK  [0m] Started Create list of required staâ€¦vice nodes for the current kernel.
[[0;32m  OK  [0m] Started LVM2 metadata daemon.
         Starting Create Static Device Nodes in /dev...
         Starting Load/Save Random Seed...
         Mounting FUSE Control File System...
         Mounting Kernel Configuration File System...
         Starting Apply Kernel Variables...
[[0;32m  OK  [0m] Started Journal Service.
[[0;32m  OK  [0m] Started udev Coldplug all Devices.
[[0;32m  OK  [0m] Started Create Static Device Nodes in /dev.
[[0;32m  OK  [0m] Started Monitoring of LVM2 mirrors,â€¦sing dmeventd or progress polling.
[[0;32m  OK  [0m] Started Load/Save Random Seed.
[[0;32m  OK  [0m] Mounted FUSE Control File System.
[[0;32m  OK  [0m] Mounted Kernel Configuration File System.
[[0;32m  OK  [0m] Started Apply Kernel Variables.
         Starting udev Kernel Device Manager...
[[0;32m  OK  [0m] Reached target Local File Systems (Pre).
[[0;32m  OK  [0m] Reached target Local File Systems.
         Starting AppArmor initialization...
         Starting ebtables ruleset management...
         Starting Tell Plymouth To Write Out Runtime Data...
         Starting Set console font and keymap...
         Starting Flush Journal to Persistent Storage...
[[0;32m  OK  [0m] Started udev Kernel Device Manager.
[[0;32m  OK  [0m] Started Dispatch Password Requests to Console Directory Watch.
[[0;32m  OK  [0m] Reached target Local Encrypted Volumes.
[[0;32m  OK  [0m] Started Tell Plymouth To Write Out Runtime Data.
[[0;32m  OK  [0m] Started Set console font and keymap.
[[0;32m  OK  [0m] Started ebtables ruleset management.
[[0;32m  OK  [0m] Found device /dev/ttyS0.
[[0;32m  OK  [0m] Started Flush Journal to Persistent Storage.
         Starting Create Volatile Files and Directories...
[[0;32m  OK  [0m] Started Create Volatile Files and Directories.
         Starting Update UTMP about System Boot/Shutdown...
[[0;32m  OK  [0m] Started Update UTMP about System Boot/Shutdown.
[[0;32m  OK  [0m] Listening on Load/Save RF Kill Switch Status /dev/rfkill Watch.
[[0;32m  OK  [0m] Started AppArmor initialization.
         Starting Initial cloud-init job (pre-networking)...
[   20.370059] cloud-init[537]: Cloud-init v. 19.1-1-gbaa47854-0ubuntu1~18.04.1 running 'init-local' at Mon, 11 Nov 2019 08:36:45 +0000. Up 20.11 seconds.
[[0;32m  OK  [0m] Started Initial cloud-init job (pre-networking).
[[0;32m  OK  [0m] Reached target Network (Pre).
         Starting Network Service...
[[0;32m  OK  [0m] Started Network Service.
         Starting Wait for Network to be Configured...
         Starting Network Name Resolution...
[[0;32m  OK  [0m] Started Network Name Resolution.
[[0;32m  OK  [0m] Reached target Network.
[[0;32m  OK  [0m] Reached target Host and Network Name Lookups.
[[0;32m  OK  [0m] Started Wait for Network to be Configured.
         Starting Initial cloud-init job (metadata service crawler)...
[   23.210890] cloud-init[717]: Cloud-init v. 19.1-1-gbaa47854-0ubuntu1~18.04.1 running 'init' at Mon, 11 Nov 2019 08:36:48 +0000. Up 22.99 seconds.
[   23.222200] cloud-init[717]: ci-info: ++++++++++++++++++++++++++++++++++++++Net device info+++++++++++++++++++++++++++++++++++++++
[   23.231398] cloud-init[717]: ci-info: +--------+------+-----------------------------+---------------+--------+-------------------+
[   23.241140] cloud-init[717]: ci-info: | Device |  Up  |           Address           |      Mask     | Scope  |     Hw-Address    |
[   23.258299] cloud-init[717]: ci-info: +--------+------+-----------------------------+---------------+--------+-------------------+
[   23.278094] cloud-init[717]: ci-info: | enp0s3 | True |          10.0.2.15          | 255.255.255.0 | global | 02:76:54:76:58:75 |
[   23.281165] cloud-init[717]: ci-info: | enp0s3 | True |  fe80::76:54ff:fe76:5875/64 |       .       |  link  | 02:76:54:76:58:75 |
[   23.293251] cloud-init[717]: ci-info: | enp0s8 | True |        192.168.33.10        | 255.255.255.0 | global | 08:00:27:52:f8:99 |
[   23.296587] cloud-init[717]: ci-info: | enp0s8 | True | fe80::a00:27ff:fe52:f899/64 |       .       |  link  | 08:00:27:52:f8:99 |
[   23.360345] cloud-init[717]: ci-info: |   lo   | True |          127.0.0.1          |   255.0.0.0   |  host  |         .         |
[   23.453010] cloud-init[717]: ci-info: |   lo   | True |           ::1/128           |       .       |  host  |         .         |
[[0;32m  OK  [0m] Started Initial cloud-init job (metadata service crawler).
[[0;32m  OK  [0m] Reached target Cloud-config availability.
[   23.563381] cloud-init[717]: ci-info: +--------+------+-----------------------------+---------------+--------+-------------------+
[   23.594600] cloud-init[717]: ci-info: +++++++++++++++++++++++++++++Route IPv4 info+++++++++++++++++++++++++++++
[[   23.608430] cloud-init[717]: ci-info: +-------+--------------+----------+-----------------+-----------+-------+
[   23.608823] cloud-init[717]: ci-info: | Route | Destination  | Gateway  |     Genmask     | Interface | Flags |
[0;32m  OK  [0m] Reached target System Initialization.
[   23.609428] cloud-init[717]: ci-info: +-------+--------------+----------+-----------------+-----------+-------+
[[   23.840360] cloud-init[717]: ci-info: |   0   |   0.0.0.0    | 10.0.2.2 |     0.0.0.0     |   enp0s3  |   UG  |
[   23.840612] cloud-init[717]: ci-info: |   1   |   10.0.2.0   | 0.0.0.0  |  255.255.255.0  |   enp0s3  |   U   |
[   23.841037] cloud-init[717]: ci-info: |   2   |   10.0.2.2   | 0.0.0.0  | 255.255.255.255 |   enp0s3  |   UH  |
[0;32m  OK  [0m] Listening on UUID daemon activation socket.
[   23.841867] cloud-init[717]: ci-info: |   3   | 192.168.33.0 | 0.0.0.0  |  255.255.255.0  |   enp0s8  |   U   |
[   23.918343] cloud-init[717]: ci-info: +-------+--------------+----------+-----------------+-----------+-------+
[   23.918465] cloud-init[717]: ci-info: +++++++++++++++++++Route IPv6 info+++++++++++++++++++
[[0;32m  OK  [0m] Started Daily Cleanup of Temporary Directories.
[   23.920547] cloud-init[717]: ci-info: +-------+-------------+---------+-----------+-------+
[   24.084233] cloud-init[717]: ci-info: | Route | Destination | Gateway | Interface | Flags |
[   24.088247] cloud-init[717]: ci-info: +-------+-------------+---------+-----------+-------+
[[0;32m  OK  [0m] Listening on D-Bus System Message Bus Socket.
[   24.096906]          Starting Socket activation for snappy daemon.
cloud-init[717]: ci-info: |   1   |  fe80::/64  |    ::   |   enp0s3  |   U   |
         Starting LXD - unix socket.
[   24.124796] cloud-init[717]: ci-info: |   2   |  fe80::/64  |    ::   |   enp0s8  |   U   |
[[0;32m  OK  [0m] Started Daily apt download activities.
[[0;32m  OK  [0m] Started Message of the Day.
[[0;32m  OK  [0m] Listening on Open-iSCSI iscsid Socket.
[[0;32m  OK  [0m] Started Discard unused blocks once a week.
[   24.161583] cloud-init[717]: ci-info: |   4   |    local    |    ::   |   enp0s3  |   U   |
[   24.232682] cloud-init[717]: ci-info: |   5   |    local    |    ::   |   enp0s8  |   U   |
[   24.262271] cloud-init[717]: ci-info: |   6   |   ff00::/8  |    ::   |   enp0s3  |   U   |
[   24.264295] cloud-init[717]: ci-info: |   7   |   ff00::/8  |    ::   |   enp0s8  |   U   |
[   24.294574] cloud-init[717]: ci-info: +-------+-------------+---------+-----------+-------+
[[0;32m  OK  [0m] Started ACPI Events Check.
[[0;32m  OK  [0m] Reached target Paths.
[[0;32m  OK  [0m] Started Daily apt upgrade and clean activities.
[[0;32m  OK  [0m] Reached target Timers.
[[0;32m  OK  [0m] Listening on ACPID Listen Socket.
[[0;32m  OK  [0m] Reached target Network is Online.
         Starting Availability of block devices...
[[0;32m  OK  [0m] Reached target Remote File Systems (Pre).
[[0;32m  OK  [0m] Reached target Remote File Systems.
[[0;32m  OK  [0m] Listening on Socket activation for snappy daemon.
[[0;32m  OK  [0m] Listening on LXD - unix socket.
[[0;32m  OK  [0m] Started Availability of block devices.
[[0;32m  OK  [0m] Reached target Sockets.
[[0;32m  OK  [0m] Reached target Basic System.
[[0;32m  OK  [0m] Started D-Bus System Message Bus.
         Starting Permit User Sessions...
         Starting LSB: Record successful boot for GRUB...
[[0;32m  OK  [0m] Started FUSE filesystem for LXC.
         Starting vboxadd.service...
         Starting Accounts Service...
         Starting Dispatcher daemon for systemd-networkd...
[[0;32m  OK  [0m] Started Regular background program processing daemon.
         Starting LXD - container startup/shutdown...
         Starting System Logging Service...
         Starting OpenBSD Secure Shell server...
[[0;32m  OK  [0m] Started Deferred execution scheduler.
         Starting LSB: automatic crash report generation...
         Starting Snappy daemon...
[[0;32m  OK  [0m] Started irqbalance daemon.
         Starting Login Service...
[[0;32m  OK  [0m] Started System Logging Service.
[[0;32m  OK  [0m] Started Permit User Sessions.
         Starting Authorization Manager...
         Starting Terminate Plymouth Boot Screen...
         Starting Hold until boot process finishes up...
[[0;32m  OK  [0m] Started Terminate Plymouth Boot Screen.
[[0;32m  OK  [0m] Started OpenBSD Secure Shell server.
[[0;32m  OK  [0m] Started Hold until boot process finishes up.
[[0;32m  OK  [0m] Started Serial Getty on ttyS0.
         Starting Set console scheme...
[[0;32m  OK  [0m] Started Authorization Manager.
[[0;32m  OK  [0m] Started Accounts Service.
[[0;32m  OK  [0m] Started Login Service.
[[0;32m  OK  [0m] Started Unattended Upgrades Shutdown.
[[0;32m  OK  [0m] Started Set console scheme.
[[0;32m  OK  [0m] Created slice system-getty.slice.
[[0;32m  OK  [0m] Started Getty on tty1.
[[0;32m  OK  [0m] Reached target Login Prompts.
[[0;32m  OK  [0m] Started LSB: automatic crash report generation.
[[0;32m  OK  [0m] Started Dispatcher daemon for systemd-networkd.
[[0;32m  OK  [0m] Started LXD - container startup/shutdown.
[[0;32m  OK  [0m] Started LSB: Record successful boot for GRUB.
[[0;32m  OK  [0m] Started vboxadd.service.
         Starting vboxadd-service.service...
[[0;32m  OK  [0m] Started Snappy daemon.
         Starting Wait until snapd is fully seeded...
[[0;32m  OK  [0m] Created slice User Slice of vagrant.
[[0;32m  OK  [0m] Started Wait until snapd is fully seeded.
[[0;32m  OK  [0m] Started vboxadd-service.service.
[[0;32m  OK  [0m] Started Session 1 of user vagrant.
[[0;32m  OK  [0m] Reached target Multi-User System.
[[0;32m  OK  [0m] Reached target Graphical Interface.
         Starting Update UTMP about System Runlevel Changes...
         Starting Apply the settings specified in cloud-config...
         Starting User Manager for UID 1000...
[[0;32m  OK  [0m] Started Update UTMP about System Runlevel Changes.
[[0;32m  OK  [0m] Started User Manager for UID 1000.
[   27.149453] cloud-init[1171]: Cloud-init v. 19.1-1-gbaa47854-0ubuntu1~18.04.1 running 'modules:config' at Mon, 11 Nov 2019 08:36:52 +0000. Up 27.03 seconds.
[[0;32m  OK  [0m] Started Apply the settings specified in cloud-config.
         Starting Execute cloud user/final scripts...
[   27.812263] cloud-init[1246]: Cloud-init v. 19.1-1-gbaa47854-0ubuntu1~18.04.1 running 'modules:final' at Mon, 11 Nov 2019 08:36:53 +0000. Up 27.65 seconds.
[   27.833820] cloud-init[1246]: Cloud-init v. 19.1-1-gbaa47854-0ubuntu1~18.04.1 finished at Mon, 11 Nov 2019 08:36:53 +0000. Datasource DataSourceNoCloud [seed=/dev/sdb][dsmode=net].  Up 27.79 seconds
[[0;32m  OK  [0m] Started Execute cloud user/final scripts.
[[0;32m  OK  [0m] Reached target Cloud-init target.

Ubuntu 18.04.3 LTS ubuntu-bionic ttyS0

ubuntu-bionic login: 